// Jest Snapshot v1, https://goo.gl/fbAQLP

exports[`login page component shows login form 1`] = `"<form><h1>Please log in</h1><div class="form-input"><strong>Username:</strong><input value=""></div><div class="form-input"><strong>Password:</strong><input type="password" value=""></div><div><button>Log in</button></div></form>"`;
